// Jest Snapshot v1, https://goo.gl/fbAQLP

exports[`should fetch pending users if moderates channel 1`] = `
Object {
  "data": Object {
    "channel": Object {
      "blockedUsers": Array [
        Object {
          "description": "I am blocked in the Spectrum community",
          "firstName": null,
          "id": "4",
          "isOnline": null,
          "name": "Blocked user",
          "timezone": null,
          "username": "blocked-user",
          "website": "",
        },
      ],
      "id": "2",
    },
  },
}
`;

exports[`should fetch pending users if moderates community 1`] = `
Object {
  "data": Object {
    "channel": Object {
      "blockedUsers": Array [
        Object {
          "description": "I am blocked in the Spectrum community",
          "firstName": null,
          "id": "4",
          "isOnline": null,
          "name": "Blocked user",
          "timezone": null,
          "username": "blocked-user",
          "website": "",
        },
      ],
      "id": "2",
    },
  },
}
`;

exports[`should fetch pending users if owns community 1`] = `
Object {
  "data": Object {
    "channel": Object {
      "blockedUsers": Array [
        Object {
          "description": "I am blocked in the Spectrum community",
          "firstName": null,
          "id": "4",
          "isOnline": null,
          "name": "Blocked user",
          "timezone": null,
          "username": "blocked-user",
          "website": "",
        },
      ],
      "id": "2",
    },
  },
}
`;

exports[`should not fetch pending users if no permissions 1`] = `
Object {
  "data": Object {
    "channel": null,
  },
}
`;

exports[`should not fetch pending users if not authed 1`] = `
Object {
  "data": Object {
    "channel": null,
  },
}
`;
